ID   XXX; SV XXX; linear; genomic DNA; CON; XXX; 654 BP.
XX
AC   ;
XX
AC * _IWGSC_CSS_6DL_scaff_3330716
XX
PR   Project:PRJEB0;
XX
DE   Micrococcus sp. 5 genome assembly, scaffold: IWGSC_CSS_6DL_scaff_3330716
XX
KW   .
XX
OS   Micrococcus sp. 5
OC   unclassified sequences.
XX
DR   BioSample; SMEA091.
XX
CO   join(IWGSC_CSS_6DL_contig_209591.0:1..330,gap(24),
CO   IWGSC_CSS_6DL_contig_209592.0:1..300)
XX
FH   Key             Location/Qualifiers
FH
FT   source          1..654
FT                   /organism="Micrococcus sp. 5"
FT                   /mol_type="genomic DNA"
FT   assembly_gap    331..354
FT                   /estimated_length=24
FT                   /gap_type="within scaffold"
FT                   /linkage_evidence="paired-ends"
XX
SQ   Sequence 654 BP; 319 A; 11 C; 10 G; 290 T; 24 other;
     caaaaaaaaa aaaaaaaaaa aaaaaaaaaa aaaaaaaaaa aaaaaaaaaa aaaaaaaaac        60
     caaaaaaaaa aaaaaaaaaa aaaaaaaaaa aaaaaaaaaa aaaaaaaaaa aaaaaaaaac       120
     caaaaaaaaa aaaaaaaaaa aaaaaaaaaa aaaaaaaaaa aaaaaaaaaa aaaaaaaaac       180
     caaaaaaaaa aaaaaaaaaa aaaaaaaaaa aaaaaaaaaa aaaaaaaaaa aaaaaaaaac       240
     caaaaaaaaa aaaaaaaaaa aaaaaaaaaa aaaaaaaaaa aaaaaaaaaa aaaaaaaaac       300
     caaaaaaaaa aaaaaaaaaa aaaaaaaaaa nnnnnnnnnn nnnnnnnnnn nnnngttttt       360
     tttttttttt tttttttttt tttttttttt tttttttttt tttttttttt tttggttttt       420
     tttttttttt tttttttttt tttttttttt tttttttttt tttttttttt tttggttttt       480
     tttttttttt tttttttttt tttttttttt tttttttttt tttttttttt tttggttttt       540
     tttttttttt tttttttttt tttttttttt tttttttttt tttttttttt tttggttttt       600
     tttttttttt tttttttttt tttttttttt tttttttttt tttttttttt tttg             654
//
ID   XXX; SV XXX; linear; genomic DNA; CON; XXX; 330 BP.
XX
AC   ;
XX
AC * _IWGSC_CSS_6DL_scaff_3330717
XX
PR   Project:PRJEB0;
XX
DE   Micrococcus sp. 5 genome assembly, scaffold: IWGSC_CSS_6DL_scaff_3330717
XX
KW   .
XX
OS   Micrococcus sp. 5
OC   unclassified sequences.
XX
DR   BioSample; SMEA091.
XX
CO   join(complement(IWGSC_CSS_6DL_contig_209593.0:1..330))
XX
FH   Key             Location/Qualifiers
FH
FT   source          1..330
FT                   /organism="Micrococcus sp. 5"
FT                   /mol_type="genomic DNA"
XX
SQ   Sequence 330 BP; 11 A; 0 C; 319 G; 0 T; 0 other;
     aggggggggg gggggggggg gggggggggg gggggggggg gggggggggg ggggggggga        60
     aggggggggg gggggggggg gggggggggg gggggggggg gggggggggg ggggggggga       120
     aggggggggg gggggggggg gggggggggg gggggggggg gggggggggg ggggggggga       180
     aggggggggg gggggggggg gggggggggg gggggggggg gggggggggg ggggggggga       240
     aggggggggg gggggggggg gggggggggg gggggggggg gggggggggg ggggggggga       300
     aggggggggg gggggggggg gggggggggg                                        330
//
