ID   XXX; SV XXX; linear; genomic DNA; CON; XXX; 654 BP.
XX
AC   ;
XX
AC * _IWGSC_CSS_6DL_scaff_3330716
XX
PR   Project:PRJEB0;
XX
DE   Micrococcus sp. 5 genome assembly, scaffold: IWGSC_CSS_6DL_scaff_3330716
XX
KW   .
XX
OS   Micrococcus sp. 5
OC   unclassified sequences.
XX
DR   BioSample; SMEA091.
XX
CO   join(ENTRY_NAME1.0:1..330,gap(24),ENTRY_NAME2.0:1..300)
XX
FH   Key             Location/Qualifiers
FH
FT   source          1..654
FT                   /organism="Micrococcus sp. 5"
FT                   /mol_type="genomic DNA"
FT   assembly_gap    331..354
FT                   /estimated_length=24
FT                   /gap_type="within scaffold"
FT                   /linkage_evidence="paired-ends"
XX
SQ   Sequence 654 BP; 110 A; 213 C; 220 G; 87 T; 24 other;
     gggactctcc aacggctccc cgaggagctc gagaggacga ttaagtcatc ctcgagggac        60
     ctcgcccgag gagcggtgga gctcgtactg gcgagttacc aggccaggac cccgacttct       120
     ccccatggac ggcgctggac gagttccctc ccgggaccga ggacggcgcg cgcgcgcagg       180
     tccgggacgc cgccgaccac atcgtccaca gcttcgaggg ttcggcccct cagctcgcgt       240
     tctccctcaa ctccgacgag gaggacgatg acggcggagt gggcgacagt ggcgacgagg       300
     ctggcgatcc gggtgcatcg gagtgagccc nnnnnnnnnn nnnnnnnnnn nnnngggact       360
     ctccaacggc tccccgagga gctcgagagg acgattaagt catcctcgag ggacctcgcc       420
     cgaggagcgg tggagctcgt actggcgagt taccaggcca ggaccccgac ttctccccat       480
     ggacggcgct ggacgagttc cctcccggga ccgaggacgg cgcgcgcgcg caggtccggg       540
     acgccgccga ccacatcgtc cacagcttcg agggttcggc ccctcagctc gcgttctccc       600
     tcaactccga cgaggaggac gatgacggcg gagtgggcga cagtggcgac gagg             654
//
ID   XXX; SV XXX; linear; genomic DNA; CON; XXX; 330 BP.
XX
AC   ;
XX
AC * _IWGSC_CSS_6DL_scaff_3330717
XX
PR   Project:PRJEB0;
XX
DE   Micrococcus sp. 5 genome assembly, scaffold: IWGSC_CSS_6DL_scaff_3330717
XX
KW   .
XX
OS   Micrococcus sp. 5
OC   unclassified sequences.
XX
DR   BioSample; SMEA091.
XX
CO   join(complement(ENTRY_NAME1.0:1..330))
XX
FH   Key             Location/Qualifiers
FH
FT   source          1..330
FT                   /organism="Micrococcus sp. 5"
FT                   /mol_type="genomic DNA"
XX
SQ   Sequence 330 BP; 57 A; 111 C; 116 G; 46 T; 0 other;
     gggactctcc aacggctccc cgaggagctc gagaggacga ttaagtcatc ctcgagggac        60
     ctcgcccgag gagcggtgga gctcgtactg gcgagttacc aggccaggac cccgacttct       120
     ccccatggac ggcgctggac gagttccctc ccgggaccga ggacggcgcg cgcgcgcagg       180
     tccgggacgc cgccgaccac atcgtccaca gcttcgaggg ttcggcccct cagctcgcgt       240
     tctccctcaa ctccgacgag gaggacgatg acggcggagt gggcgacagt ggcgacgagg       300
     ctggcgatcc gggtgcatcg gagtgagccc                                        330
//
